[94mreplaying 0 transactions[97m[96mtype "help" to see available commands[97m
[92m'Alice'> [97m[92m'Alice'> [97m[94mreplaying 1 transactions[97m[96mtype "help" to see available commands[97m
[92m'Bob'> [97m[96mCREATE: [#0:0] = Gift {allocation = Holiday {employee = 'Bob', boss = 'Alice'}}
[97m
[92m'Bob'> [97m[94mreplaying 1 transactions[97m[96mtype "help" to see available commands[97m
[92m'Bob'> [97m[96mAs Boss:
[97m
[96mAs Employee:
  'Alice' : Counts {unclaimed_gifts = 1, unspent_holidays = 0, pending_requests = 0}
[97m
[92m'Bob'> [97m[94mreplaying 1 transactions[97m[96mtype "help" to see available commands[97m
[92m'Bob'> [97m[92m'Bob'> [97m[94mreplaying 3 transactions[97m[96mtype "help" to see available commands[97m
[92m'Alice'> [97m[96mCREATE: [#0:0] = Gift {allocation = Holiday {employee = 'Bob', boss = 'Alice'}}
ARCHIVE: [#0:0]
CREATE: [#1:1] = Holiday {employee = 'Bob', boss = 'Alice'}
[97m
[92m'Alice'> [97m[94mreplaying 3 transactions[97m[96mtype "help" to see available commands[97m
[92m'Alice'> [97m[96mAs Boss:
  'Bob' : Counts {unclaimed_gifts = 0, unspent_holidays = 1, pending_requests = 0}
[97m
[96mAs Employee:
[97m
[92m'Alice'> [97m[94mreplaying 3 transactions[97m[96mtype "help" to see available commands[97m
[92m'Bob'> [97m[92m'Bob'> [97m[94mreplaying 4 transactions[97m[96mtype "help" to see available commands[97m
[92m'Bob'> [97m[96mAs Boss:
[97m
[96mAs Employee:
  'Alice' : Counts {unclaimed_gifts = 0, unspent_holidays = 1, pending_requests = 1}
[97m
[92m'Bob'> [97m[94mreplaying 4 transactions[97m[96mtype "help" to see available commands[97m
[92m'Alice'> [97m[96mAs Boss:
  'Bob' : Counts {unclaimed_gifts = 0, unspent_holidays = 1, pending_requests = 1}
[97m
[96mAs Employee:
[97m
[92m'Alice'> [97m[94mreplaying 4 transactions[97m[96mtype "help" to see available commands[97m
[92m'Alice'> [97m[96mAs Boss:
  #1 Request {employee = 'Bob', boss = 'Alice', allocationId = [#1:1], date = Date {daysSinceEpoch = 100}}
[97m
[96mAs Employee:
[97m
[92m'Alice'> [97m[94mreplaying 4 transactions[97m[96mtype "help" to see available commands[97m
[92m'Alice'> [97m[92m'Alice'> [97m[94mreplaying 5 transactions[97m[96mtype "help" to see available commands[97m
[92m'Alice'> [97m[96mAs Boss:
  'Bob' : Counts {unclaimed_gifts = 0, unspent_holidays = 1, pending_requests = 0}
[97m
[96mAs Employee:
[97m
[92m'Alice'> [97m[94mreplaying 6 transactions[97m[96mtype "help" to see available commands[97m
[92m'Bob'> [97m[96mAs Boss:
[97m
[96mAs Employee:
  'Alice' : Counts {unclaimed_gifts = 0, unspent_holidays = 1, pending_requests = 0}
[97m
[92m'Bob'> [97m[94mreplaying 6 transactions[97m[96mtype "help" to see available commands[97m
[92m'Bob'> [97m[96mAs Employee:
  #1 Denial {employee = 'Bob', boss = 'Alice', allocationId = [#1:1], date = Date {daysSinceEpoch = 100}, reason = "work-harder"}
[97m
[92m'Bob'> [97m[94mreplaying 6 transactions[97m[96mtype "help" to see available commands[97m
[92m'Bob'> [97m[92m'Bob'> [97m[94mreplaying 7 transactions[97m[96mtype "help" to see available commands[97m
[92m'Bob'> [97m[96mAs Boss:
[97m
[96mAs Employee:
  'Alice' : Counts {unclaimed_gifts = 0, unspent_holidays = 1, pending_requests = 1}
[97m
[92m'Bob'> [97m[94mreplaying 6 transactions[97m[96mtype "help" to see available commands[97m
[92m'Alice'> [97m[96mAs Boss:
  'Bob' : Counts {unclaimed_gifts = 0, unspent_holidays = 1, pending_requests = 1}
[97m
[96mAs Employee:
[97m
[92m'Alice'> [97m[94mreplaying 6 transactions[97m[96mtype "help" to see available commands[97m
[92m'Alice'> [97m[96mAs Boss:
  #1 Request {employee = 'Bob', boss = 'Alice', allocationId = [#1:1], date = Date {daysSinceEpoch = 200}}
[97m
[96mAs Employee:
[97m
[92m'Alice'> [97m[94mreplaying 6 transactions[97m[96mtype "help" to see available commands[97m
[92m'Alice'> [97m[92m'Alice'> [97m[94mreplaying 9 transactions[97m[96mtype "help" to see available commands[97m
[92m'Alice'> [97m[96mAs Boss:
[97m
[96mAs Employee:
[97m
[92m'Alice'> [97m[94mreplaying 10 transactions[97m[96mtype "help" to see available commands[97m
[92m'Bob'> [97m[96mAs Boss:
[97m
[96mAs Employee:
  #1 Vacation {employee = 'Bob', boss = 'Alice', date = Date {daysSinceEpoch = 200}}
[97m
[92m'Bob'> [97m[94mreplaying 10 transactions[97m[96mtype "help" to see available commands[97m
[92m'Bob'> [97m[96mAs Boss:
[97m
[96mAs Employee:
[97m
[92m'Bob'> [97m[94mreplaying 10 transactions[97m[96mtype "help" to see available commands[97m
[92m'Bob'> [97m[96mAs Boss:
[97m
[96mAs Employee:
  #1 Vacation {employee = 'Bob', boss = 'Alice', date = Date {daysSinceEpoch = 200}}
[97m
[92m'Bob'> [97m