[94mreplaying 0 transactions[97m[96mtype "help" to see available commands[97m
[92m'Alice'> [97m[92m'Alice'> [97m[94mreplaying 1 transactions[97m[96mtype "help" to see available commands[97m
[92m'Bob'> [97m[96mCREATE: [#0:0] = Gift {allocation = Holiday {employee = 'Bob', boss = 'Alice'}}
[97m
[92m'Bob'> [97m[94mreplaying 1 transactions[97m[96mtype "help" to see available commands[97m
[92m'Bob'> [97m[92m'Bob'> [97m[94mreplaying 3 transactions[97m[96mtype "help" to see available commands[97m
[92m'Alice'> [97m[96mCREATE: [#0:0] = Gift {allocation = Holiday {employee = 'Bob', boss = 'Alice'}}
ARCHIVE: [#0:0]
CREATE: [#1:1] = Holiday {employee = 'Bob', boss = 'Alice'}
[97m
[92m'Alice'> [97m